2026-03-30 10:37:21,819 [PID 60780] INFO No binary specified, looking for `pyre.bin` in PATH
2026-03-30 10:37:21,819 [PID 60780] INFO Pyre binary is located at `/Users/rahul/.pyenv/versions/3.11.14/bin/pyre.bin`
2026-03-30 10:37:21,819 [PID 60780] INFO Could not determine the number of Pyre workers from configuration. Auto-set the value to 8.
2026-03-30 10:37:21,819 [PID 60780] INFO No typeshed specified, looking for it...
2026-03-30 10:37:21,819 [PID 60780] INFO Found: `/Users/rahul/.pyenv/versions/3.11.14/lib/pyre_check/typeshed`
2026-03-30 10:37:21,820 [PID 60780] INFO Writing arguments into /var/folders/6s/ycyk209s3fggq099sssy5wvc0000gn/T/pyre_arguments_o6facp8d.json...
2026-03-30 10:37:21,820 [PID 60780] DEBUG Arguments:
{
  "source_paths": {
    "kind": "simple",
    "paths": [
      "/Users/rahul/Projects/Local-File-Organizer/src"
    ]
  },
  "search_paths": [
    "/Users/rahul/.pyenv/versions/3.11.14/lib/pyre_check/typeshed/stdlib",
    "/Users/rahul/.pyenv/versions/3.11.14/lib/pyre_check/typeshed/stubs/ExifRead",
    "/Users/rahul/.pyenv/versions/3.11.14/lib/pyre_check/typeshed/stubs/PyMySQL",
    "/Users/rahul/.pyenv/versions/3.11.14/lib/pyre_check/typeshed/stubs/PyYAML",
    "/Users/rahul/.pyenv/versions/3.11.14/lib/pyre_check/typeshed/stubs/aiofiles",
    "/Users/rahul/.pyenv/versions/3.11.14/lib/pyre_check/typeshed/stubs/chevron",
    "/Users/rahul/.pyenv/versions/3.11.14/lib/pyre_check/typeshed/stubs/colorama",
    "/Users/rahul/.pyenv/versions/3.11.14/lib/pyre_check/typeshed/stubs/ldap3",
    "/Users/rahul/.pyenv/versions/3.11.14/lib/pyre_check/typeshed/stubs/mysqlclient",
    "/Users/rahul/.pyenv/versions/3.11.14/lib/pyre_check/typeshed/stubs/paramiko",
    "/Users/rahul/.pyenv/versions/3.11.14/lib/pyre_check/typeshed/stubs/psycopg2",
    "/Users/rahul/.pyenv/versions/3.11.14/lib/pyre_check/typeshed/stubs/pycurl",
    "/Users/rahul/.pyenv/versions/3.11.14/lib/pyre_check/typeshed/stubs/python-dateutil",
    "/Users/rahul/.pyenv/versions/3.11.14/lib/pyre_check/typeshed/stubs/pytz",
    "/Users/rahul/.pyenv/versions/3.11.14/lib/pyre_check/typeshed/stubs/regex",
    "/Users/rahul/.pyenv/versions/3.11.14/lib/pyre_check/typeshed/stubs/requests",
    "/Users/rahul/.pyenv/versions/3.11.14/lib/pyre_check/typeshed/stubs/retry",
    "/Users/rahul/.pyenv/versions/3.11.14/lib/pyre_check/typeshed/stubs/tqdm",
    "/Users/rahul/.pyenv/versions/3.11.14/lib/pyre_check/typeshed/stubs/ujson"
  ],
  "excludes": [
    "tests/.*"
  ],
  "checked_directory_allowlist": [
    "/Users/rahul/Projects/Local-File-Organizer/src"
  ],
  "checked_directory_blocklist": [],
  "extensions": [],
  "log_path": "/Users/rahul/Projects/Local-File-Organizer/.pyre",
  "global_root": "/Users/rahul/Projects/Local-File-Organizer",
  "debug": false,
  "python_version": {
    "major": 3,
    "minor": 11,
    "micro": 14
  },
  "system_platform": "darwin",
  "shared_memory": {},
  "parallel": true,
  "number_of_workers": 8,
  "additional_logging_sections": [
    "-progress"
  ],
  "show_error_traces": false,
  "strict": false
}
2026-03-30 10:37:24,644 [PID 60780] PERFORMANCE  Initialized shared memory (heap size: 8589934592, dep table pow: 1, hash table pow: 26): 0.000s
2026-03-30 10:37:24,669 [PID 60780] PERFORMANCE  Initialized multiprocessing workers (workers: 8): 0.022s
2026-03-30 10:37:24,669 [PID 60780] INFO  Building module tracker...
2026-03-30 10:37:24,718 [PID 60780] PERFORMANCE  Module tracker built: 0.049s
2026-03-30 10:37:24,718 [PID 60780] PERFORMANCE  Full environment built: 0.049s
2026-03-30 10:37:24,718 [PID 60780] INFO  Collecting all definitions...
2026-03-30 10:37:25,067 [PID 60780] PERFORMANCE  Collected definitions (defines: 4637): 0.348s
2026-03-30 10:37:25,067 [PID 60780] INFO  Checking 4637 functions...
2026-03-30 10:37:26,361 [PID 60780] PERFORMANCE  Check_TypeCheck: 1.303s
2026-03-30 10:37:26,361 [PID 60780] MEMORY  Shared memory size post-typecheck (size: 16)
2026-03-30 10:37:26,487 [PID 60780] PERFORMANCE  Check_Postprocessing: 0.125s
2026-03-30 10:37:26,487 [PID 60780] PERFORMANCE  Check (request kind: FullCheck): 1.826s
2026-03-30 10:37:26,551 [PID 60780] ERROR Found 1251 type errors!
2026-03-30 10:38:01,213 [PID 61022] INFO No binary specified, looking for `pyre.bin` in PATH
2026-03-30 10:38:01,213 [PID 61022] INFO Pyre binary is located at `/Users/rahul/.pyenv/versions/3.11.14/bin/pyre.bin`
2026-03-30 10:38:01,213 [PID 61022] INFO Could not determine the number of Pyre workers from configuration. Auto-set the value to 8.
2026-03-30 10:38:01,213 [PID 61022] INFO No typeshed specified, looking for it...
2026-03-30 10:38:01,213 [PID 61022] INFO Found: `/Users/rahul/.pyenv/versions/3.11.14/lib/pyre_check/typeshed`
2026-03-30 10:38:01,214 [PID 61022] INFO Writing arguments into /var/folders/6s/ycyk209s3fggq099sssy5wvc0000gn/T/pyre_arguments_89o2fu52.json...
2026-03-30 10:38:01,214 [PID 61022] DEBUG Arguments:
{
  "source_paths": {
    "kind": "simple",
    "paths": [
      "/Users/rahul/Projects/Local-File-Organizer/src"
    ]
  },
  "search_paths": [
    "/Users/rahul/.pyenv/versions/3.11.14/lib/python3.11/site-packages",
    "/Users/rahul/.pyenv/versions/3.11.14/lib/pyre_check/typeshed/stdlib",
    "/Users/rahul/.pyenv/versions/3.11.14/lib/pyre_check/typeshed/stubs/ExifRead",
    "/Users/rahul/.pyenv/versions/3.11.14/lib/pyre_check/typeshed/stubs/PyMySQL",
    "/Users/rahul/.pyenv/versions/3.11.14/lib/pyre_check/typeshed/stubs/PyYAML",
    "/Users/rahul/.pyenv/versions/3.11.14/lib/pyre_check/typeshed/stubs/aiofiles",
    "/Users/rahul/.pyenv/versions/3.11.14/lib/pyre_check/typeshed/stubs/chevron",
    "/Users/rahul/.pyenv/versions/3.11.14/lib/pyre_check/typeshed/stubs/colorama",
    "/Users/rahul/.pyenv/versions/3.11.14/lib/pyre_check/typeshed/stubs/ldap3",
    "/Users/rahul/.pyenv/versions/3.11.14/lib/pyre_check/typeshed/stubs/mysqlclient",
    "/Users/rahul/.pyenv/versions/3.11.14/lib/pyre_check/typeshed/stubs/paramiko",
    "/Users/rahul/.pyenv/versions/3.11.14/lib/pyre_check/typeshed/stubs/psycopg2",
    "/Users/rahul/.pyenv/versions/3.11.14/lib/pyre_check/typeshed/stubs/pycurl",
    "/Users/rahul/.pyenv/versions/3.11.14/lib/pyre_check/typeshed/stubs/python-dateutil",
    "/Users/rahul/.pyenv/versions/3.11.14/lib/pyre_check/typeshed/stubs/pytz",
    "/Users/rahul/.pyenv/versions/3.11.14/lib/pyre_check/typeshed/stubs/regex",
    "/Users/rahul/.pyenv/versions/3.11.14/lib/pyre_check/typeshed/stubs/requests",
    "/Users/rahul/.pyenv/versions/3.11.14/lib/pyre_check/typeshed/stubs/retry",
    "/Users/rahul/.pyenv/versions/3.11.14/lib/pyre_check/typeshed/stubs/tqdm",
    "/Users/rahul/.pyenv/versions/3.11.14/lib/pyre_check/typeshed/stubs/ujson"
  ],
  "excludes": [
    "tests/.*"
  ],
  "checked_directory_allowlist": [
    "/Users/rahul/Projects/Local-File-Organizer/src"
  ],
  "checked_directory_blocklist": [],
  "extensions": [],
  "log_path": "/Users/rahul/Projects/Local-File-Organizer/.pyre",
  "global_root": "/Users/rahul/Projects/Local-File-Organizer",
  "debug": false,
  "python_version": {
    "major": 3,
    "minor": 11,
    "micro": 14
  },
  "system_platform": "darwin",
  "shared_memory": {},
  "parallel": true,
  "number_of_workers": 8,
  "additional_logging_sections": [
    "-progress"
  ],
  "show_error_traces": false,
  "strict": false
}
2026-03-30 10:38:01,254 [PID 61022] PERFORMANCE  Initialized shared memory (heap size: 8589934592, dep table pow: 1, hash table pow: 26): 0.000s
2026-03-30 10:38:01,264 [PID 61022] PERFORMANCE  Initialized multiprocessing workers (workers: 8): 0.015s
2026-03-30 10:38:01,265 [PID 61022] INFO  Building module tracker...
2026-03-30 10:38:01,735 [PID 61022] PERFORMANCE  Module tracker built: 0.461s
2026-03-30 10:38:01,735 [PID 61022] PERFORMANCE  Full environment built: 0.462s
2026-03-30 10:38:01,735 [PID 61022] INFO  Collecting all definitions...
2026-03-30 10:38:02,065 [PID 61022] PERFORMANCE  Collected definitions (defines: 4637): 0.334s
2026-03-30 10:38:02,065 [PID 61022] INFO  Checking 4637 functions...
2026-03-30 10:38:04,355 [PID 61022] PERFORMANCE  Check_TypeCheck: 2.288s
2026-03-30 10:38:04,356 [PID 61022] MEMORY  Shared memory size post-typecheck (size: 27)
2026-03-30 10:38:04,466 [PID 61022] PERFORMANCE  Check_Postprocessing: 0.112s
2026-03-30 10:38:04,466 [PID 61022] PERFORMANCE  Check (request kind: FullCheck): 3.198s
2026-03-30 10:38:04,509 [PID 61022] ERROR Found 317 type errors!
2026-03-30 10:39:00,390 [PID 61223] INFO No binary specified, looking for `pyre.bin` in PATH
2026-03-30 10:39:00,390 [PID 61223] INFO Pyre binary is located at `/Users/rahul/.pyenv/versions/3.11.14/bin/pyre.bin`
2026-03-30 10:39:00,390 [PID 61223] INFO Could not determine the number of Pyre workers from configuration. Auto-set the value to 8.
2026-03-30 10:39:00,390 [PID 61223] INFO No typeshed specified, looking for it...
2026-03-30 10:39:00,390 [PID 61223] INFO Found: `/Users/rahul/.pyenv/versions/3.11.14/lib/pyre_check/typeshed`
2026-03-30 10:39:00,391 [PID 61223] INFO Writing arguments into /var/folders/6s/ycyk209s3fggq099sssy5wvc0000gn/T/pyre_arguments_0i_yelac.json...
2026-03-30 10:39:00,391 [PID 61223] DEBUG Arguments:
{
  "source_paths": {
    "kind": "simple",
    "paths": [
      "/Users/rahul/Projects/Local-File-Organizer/src"
    ]
  },
  "search_paths": [
    "/Users/rahul/.pyenv/versions/3.11.14/lib/python3.11/site-packages",
    "/Users/rahul/.pyenv/versions/3.11.14/lib/pyre_check/typeshed/stdlib",
    "/Users/rahul/.pyenv/versions/3.11.14/lib/pyre_check/typeshed/stubs/ExifRead",
    "/Users/rahul/.pyenv/versions/3.11.14/lib/pyre_check/typeshed/stubs/PyMySQL",
    "/Users/rahul/.pyenv/versions/3.11.14/lib/pyre_check/typeshed/stubs/PyYAML",
    "/Users/rahul/.pyenv/versions/3.11.14/lib/pyre_check/typeshed/stubs/aiofiles",
    "/Users/rahul/.pyenv/versions/3.11.14/lib/pyre_check/typeshed/stubs/chevron",
    "/Users/rahul/.pyenv/versions/3.11.14/lib/pyre_check/typeshed/stubs/colorama",
    "/Users/rahul/.pyenv/versions/3.11.14/lib/pyre_check/typeshed/stubs/ldap3",
    "/Users/rahul/.pyenv/versions/3.11.14/lib/pyre_check/typeshed/stubs/mysqlclient",
    "/Users/rahul/.pyenv/versions/3.11.14/lib/pyre_check/typeshed/stubs/paramiko",
    "/Users/rahul/.pyenv/versions/3.11.14/lib/pyre_check/typeshed/stubs/psycopg2",
    "/Users/rahul/.pyenv/versions/3.11.14/lib/pyre_check/typeshed/stubs/pycurl",
    "/Users/rahul/.pyenv/versions/3.11.14/lib/pyre_check/typeshed/stubs/python-dateutil",
    "/Users/rahul/.pyenv/versions/3.11.14/lib/pyre_check/typeshed/stubs/pytz",
    "/Users/rahul/.pyenv/versions/3.11.14/lib/pyre_check/typeshed/stubs/regex",
    "/Users/rahul/.pyenv/versions/3.11.14/lib/pyre_check/typeshed/stubs/requests",
    "/Users/rahul/.pyenv/versions/3.11.14/lib/pyre_check/typeshed/stubs/retry",
    "/Users/rahul/.pyenv/versions/3.11.14/lib/pyre_check/typeshed/stubs/tqdm",
    "/Users/rahul/.pyenv/versions/3.11.14/lib/pyre_check/typeshed/stubs/ujson"
  ],
  "excludes": [
    "tests/.*",
    "src/file_organizer/api/(?!middleware\\.py$).*",
    "src/file_organizer/web/(?!(?:_helpers|csrf)\\.py$).*"
  ],
  "checked_directory_allowlist": [
    "/Users/rahul/Projects/Local-File-Organizer/src"
  ],
  "checked_directory_blocklist": [],
  "extensions": [],
  "log_path": "/Users/rahul/Projects/Local-File-Organizer/.pyre",
  "global_root": "/Users/rahul/Projects/Local-File-Organizer",
  "debug": false,
  "python_version": {
    "major": 3,
    "minor": 11,
    "micro": 14
  },
  "system_platform": "darwin",
  "shared_memory": {},
  "parallel": true,
  "number_of_workers": 8,
  "additional_logging_sections": [
    "-progress"
  ],
  "show_error_traces": false,
  "strict": false
}
2026-03-30 10:39:00,431 [PID 61223] PERFORMANCE  Initialized shared memory (heap size: 8589934592, dep table pow: 1, hash table pow: 26): 0.000s
2026-03-30 10:39:00,454 [PID 61223] PERFORMANCE  Initialized multiprocessing workers (workers: 8): 0.015s
2026-03-30 10:39:00,454 [PID 61223] INFO  Building module tracker...
2026-03-30 10:39:00,778 [PID 61223] PERFORMANCE  Module tracker built: 0.332s
2026-03-30 10:39:00,778 [PID 61223] PERFORMANCE  Full environment built: 0.332s
2026-03-30 10:39:00,778 [PID 61223] INFO  Collecting all definitions...
2026-03-30 10:39:01,113 [PID 61223] PERFORMANCE  Collected definitions (defines: 4637): 0.326s
2026-03-30 10:39:01,113 [PID 61223] INFO  Checking 4637 functions...
2026-03-30 10:39:03,313 [PID 61223] PERFORMANCE  Check_TypeCheck: 2.200s
2026-03-30 10:39:03,313 [PID 61223] MEMORY  Shared memory size post-typecheck (size: 27)
2026-03-30 10:39:03,426 [PID 61223] PERFORMANCE  Check_Postprocessing: 0.111s
2026-03-30 10:39:03,426 [PID 61223] PERFORMANCE  Check (request kind: FullCheck): 2.971s
2026-03-30 10:39:03,456 [PID 61223] ERROR Found 317 type errors!
2026-03-30 10:39:36,293 [PID 61412] INFO No binary specified, looking for `pyre.bin` in PATH
2026-03-30 10:39:36,293 [PID 61412] INFO Pyre binary is located at `/Users/rahul/.pyenv/versions/3.11.14/bin/pyre.bin`
2026-03-30 10:39:36,293 [PID 61412] INFO Could not determine the number of Pyre workers from configuration. Auto-set the value to 8.
2026-03-30 10:39:36,293 [PID 61412] INFO No typeshed specified, looking for it...
2026-03-30 10:39:36,293 [PID 61412] INFO Found: `/Users/rahul/.pyenv/versions/3.11.14/lib/pyre_check/typeshed`
2026-03-30 10:39:36,294 [PID 61412] INFO Writing arguments into /var/folders/6s/ycyk209s3fggq099sssy5wvc0000gn/T/pyre_arguments_80_xo2q8.json...
2026-03-30 10:39:36,294 [PID 61412] DEBUG Arguments:
{
  "source_paths": {
    "kind": "simple",
    "paths": [
      "/Users/rahul/Projects/Local-File-Organizer/src"
    ]
  },
  "search_paths": [
    "/Users/rahul/.pyenv/versions/3.11.14/lib/python3.11/site-packages",
    "/Users/rahul/.pyenv/versions/3.11.14/lib/pyre_check/typeshed/stdlib",
    "/Users/rahul/.pyenv/versions/3.11.14/lib/pyre_check/typeshed/stubs/ExifRead",
    "/Users/rahul/.pyenv/versions/3.11.14/lib/pyre_check/typeshed/stubs/PyMySQL",
    "/Users/rahul/.pyenv/versions/3.11.14/lib/pyre_check/typeshed/stubs/PyYAML",
    "/Users/rahul/.pyenv/versions/3.11.14/lib/pyre_check/typeshed/stubs/aiofiles",
    "/Users/rahul/.pyenv/versions/3.11.14/lib/pyre_check/typeshed/stubs/chevron",
    "/Users/rahul/.pyenv/versions/3.11.14/lib/pyre_check/typeshed/stubs/colorama",
    "/Users/rahul/.pyenv/versions/3.11.14/lib/pyre_check/typeshed/stubs/ldap3",
    "/Users/rahul/.pyenv/versions/3.11.14/lib/pyre_check/typeshed/stubs/mysqlclient",
    "/Users/rahul/.pyenv/versions/3.11.14/lib/pyre_check/typeshed/stubs/paramiko",
    "/Users/rahul/.pyenv/versions/3.11.14/lib/pyre_check/typeshed/stubs/psycopg2",
    "/Users/rahul/.pyenv/versions/3.11.14/lib/pyre_check/typeshed/stubs/pycurl",
    "/Users/rahul/.pyenv/versions/3.11.14/lib/pyre_check/typeshed/stubs/python-dateutil",
    "/Users/rahul/.pyenv/versions/3.11.14/lib/pyre_check/typeshed/stubs/pytz",
    "/Users/rahul/.pyenv/versions/3.11.14/lib/pyre_check/typeshed/stubs/regex",
    "/Users/rahul/.pyenv/versions/3.11.14/lib/pyre_check/typeshed/stubs/requests",
    "/Users/rahul/.pyenv/versions/3.11.14/lib/pyre_check/typeshed/stubs/retry",
    "/Users/rahul/.pyenv/versions/3.11.14/lib/pyre_check/typeshed/stubs/tqdm",
    "/Users/rahul/.pyenv/versions/3.11.14/lib/pyre_check/typeshed/stubs/ujson"
  ],
  "excludes": [],
  "checked_directory_allowlist": [
    "/Users/rahul/Projects/Local-File-Organizer/src"
  ],
  "checked_directory_blocklist": [
    "/Users/rahul/Projects/Local-File-Organizer/tests/.*",
    "/Users/rahul/Projects/Local-File-Organizer/src/file_organizer/(?!api/middleware\\.py$|web/_helpers\\.py$|web/csrf\\.py$).*"
  ],
  "extensions": [],
  "log_path": "/Users/rahul/Projects/Local-File-Organizer/.pyre",
  "global_root": "/Users/rahul/Projects/Local-File-Organizer",
  "debug": false,
  "python_version": {
    "major": 3,
    "minor": 11,
    "micro": 14
  },
  "system_platform": "darwin",
  "shared_memory": {},
  "parallel": true,
  "number_of_workers": 8,
  "additional_logging_sections": [
    "-progress"
  ],
  "show_error_traces": false,
  "strict": false
}
2026-03-30 10:39:36,330 [PID 61412] PERFORMANCE  Initialized shared memory (heap size: 8589934592, dep table pow: 1, hash table pow: 26): 0.000s
2026-03-30 10:39:36,343 [PID 61412] PERFORMANCE  Initialized multiprocessing workers (workers: 8): 0.014s
2026-03-30 10:39:36,343 [PID 61412] INFO  Building module tracker...
2026-03-30 10:39:36,677 [PID 61412] PERFORMANCE  Module tracker built: 0.324s
2026-03-30 10:39:36,677 [PID 61412] PERFORMANCE  Full environment built: 0.324s
2026-03-30 10:39:36,677 [PID 61412] INFO  Collecting all definitions...
2026-03-30 10:39:36,996 [PID 61412] PERFORMANCE  Collected definitions (defines: 4637): 0.326s
2026-03-30 10:39:36,997 [PID 61412] INFO  Checking 4637 functions...
2026-03-30 10:39:39,133 [PID 61412] PERFORMANCE  Check_TypeCheck: 2.127s
2026-03-30 10:39:39,133 [PID 61412] MEMORY  Shared memory size post-typecheck (size: 27)
2026-03-30 10:39:39,243 [PID 61412] PERFORMANCE  Check_Postprocessing: 0.111s
2026-03-30 10:39:39,244 [PID 61412] PERFORMANCE  Check (request kind: FullCheck): 2.890s
2026-03-30 10:39:39,274 [PID 61412] ERROR Found 317 type errors!
